{
    "analyzer": {
        "keyword": {
            "filter": [
                "truncate_keyword"
            ],
            "tokenizer": "no_splitting",
            "type": "custom"
        },
        "lowercase_keyword": {
            "filter": [
                "truncate_keyword",
                "lowercase"
            ],
            "tokenizer": "no_splitting",
            "type": "custom"
        },
        "near_match": {
            "char_filter": [
                "near_space_flattener"
            ],
            "filter": [
                "lowercase"
            ],
            "tokenizer": "no_splitting",
            "type": "custom"
        },
        "near_match_asciifolding": {
            "char_filter": [
                "near_space_flattener"
            ],
            "filter": [
                "truncate_keyword",
                "lowercase",
                "asciifolding"
            ],
            "tokenizer": "no_splitting",
            "type": "custom"
        },
        "plain": {
            "char_filter": [
                "nnbsp_norm",
                "word_break_helper"
            ],
            "filter": [
                "smartcn_stop",
                "lowercase"
            ],
            "tokenizer": "standard",
            "type": "custom"
        },
        "plain_search": {
            "char_filter": [
                "nnbsp_norm",
                "word_break_helper"
            ],
            "filter": [
                "smartcn_stop",
                "lowercase"
            ],
            "tokenizer": "standard",
            "type": "custom"
        },
        "prefix": {
            "char_filter": [
                "near_space_flattener"
            ],
            "filter": [
                "lowercase"
            ],
            "tokenizer": "prefix",
            "type": "custom"
        },
        "prefix_asciifolding": {
            "char_filter": [
                "near_space_flattener"
            ],
            "filter": [
                "lowercase",
                "asciifolding"
            ],
            "tokenizer": "prefix",
            "type": "custom"
        },
        "short_text": {
            "filter": [
                "lowercase",
                "aggressive_splitting",
                "asciifolding_preserve",
                "dedup_asciifolding"
            ],
            "tokenizer": "whitespace",
            "type": "custom"
        },
        "short_text_search": {
            "filter": [
                "lowercase",
                "aggressive_splitting"
            ],
            "tokenizer": "whitespace",
            "type": "custom"
        },
        "source_text_plain": {
            "char_filter": [
                "word_break_helper_source_text"
            ],
            "filter": [
                "lowercase"
            ],
            "tokenizer": "standard",
            "type": "custom"
        },
        "source_text_plain_search": {
            "char_filter": [
                "word_break_helper_source_text"
            ],
            "filter": [
                "lowercase"
            ],
            "tokenizer": "standard",
            "type": "custom"
        },
        "suggest": {
            "filter": [
                "lowercase",
                "suggest_shingle"
            ],
            "tokenizer": "standard",
            "type": "custom"
        },
        "suggest_reverse": {
            "filter": [
                "lowercase",
                "suggest_shingle",
                "reverse"
            ],
            "tokenizer": "standard",
            "type": "custom"
        },
        "text": {
            "char_filter": [
                "globo_norm",
                "acronym_fixer",
                "camelCase_splitter",
                "stconvertfix",
                "tsconvert"
            ],
            "filter": [
                "homoglyph_norm",
                "smartcn_stop",
                "lowercase"
            ],
            "tokenizer": "smartcn_tokenizer",
            "type": "custom"
        },
        "text_search": {
            "char_filter": [
                "globo_norm",
                "acronym_fixer",
                "camelCase_splitter",
                "stconvertfix",
                "tsconvert"
            ],
            "filter": [
                "homoglyph_norm",
                "smartcn_stop",
                "lowercase"
            ],
            "tokenizer": "smartcn_tokenizer",
            "type": "custom"
        },
        "token_reverse": {
            "filter": [
                "reverse"
            ],
            "tokenizer": "no_splitting",
            "type": "custom"
        },
        "trigram": {
            "filter": [
                "lowercase"
            ],
            "tokenizer": "trigram",
            "type": "custom"
        },
        "word_prefix": {
            "filter": [
                "lowercase",
                "prefix_ngram_filter"
            ],
            "tokenizer": "standard",
            "type": "custom"
        }
    },
    "char_filter": {
        "dotted_I_fix": {
            "type": "limited_mapping",
            "mappings": [
                "\u0130=>I"
            ]
        },
        "globo_norm": {
            "type": "limited_mapping",
            "mappings": [
                "`=>'",
                "\u00b4=>'",
                "\u02b9=>'",
                "\u02bb=>'",
                "\u02bc=>'",
                "\u02bd=>'",
                "\u02be=>'",
                "\u02bf=>'",
                "\u02cb=>'",
                "\u055a=>'",
                "\\u05F3=>'",
                "\u2018=>'",
                "\u2019=>'",
                "\u201b=>'",
                "\u2032=>'",
                "\u2035=>'",
                "\ua78c=>'",
                "\uff07=>'",
                "\uff40=>'",
                "\\u202F=>\\u0020",
                "\u02c8=>",
                "\u02cc=>",
                "\\u0640=>",
                "\u066c=>,",
                "\u060c=>,",
                "\u055b=>",
                "\u055c=>",
                "\u055e=>",
                "\u00b5=>\u03bc"
            ]
        },
        "near_space_flattener": {
            "type": "limited_mapping",
            "mappings": [
                "'=>\\u0020",
                "\\u2019=>\\u0020",
                "\\u02BC=>\\u0020",
                "_=>\\u0020",
                "-=>\\u0020"
            ]
        },
        "nnbsp_norm": {
            "type": "limited_mapping",
            "mappings": [
                "\\u202F=>\\u0020"
            ]
        },
        "regex_acronym_fixer": {
            "type": "pattern_replace",
            "pattern": "(?<=(?:^|\\P{L})\\p{L})[.\uff0e](\\p{L})(?=\\P{L}|$)",
            "replacement": "$1"
        },
        "regex_camelCase": {
            "type": "pattern_replace",
            "pattern": "(\\p{Ll}[\\p{M}\\p{Cf}]*)([\\p{Lu}\\p{Lt}])",
            "replacement": "$1 $2"
        },
        "stconvertfix": {
            "type": "mapping",
            "mappings": [
                "\\u606d\\u5f18=>\\u606d \\u5f18",
                "\\u5138=>\\u3469"
            ]
        },
        "tsconvert": {
            "type": "stconvert",
            "delimiter": "#",
            "keep_both": false,
            "convert_type": "t2s"
        },
        "word_break_helper": {
            "type": "limited_mapping",
            "mappings": [
                "_=>\\u0020",
                ":=>\\u0020",
                ".=>\\u0020",
                "(=>\\u0020",
                ")=>\\u0020",
                "\uff0e=>\\u0020",
                "\uff3f=>\\u0020",
                "\uff1a=>\\u0020",
                "\u00b7=>\\u0020"
            ]
        },
        "word_break_helper_source_text": {
            "type": "limited_mapping",
            "mappings": [
                "_=>\\u0020",
                ".=>\\u0020",
                "(=>\\u0020",
                ")=>\\u0020",
                ":=>\\u0020"
            ]
        }
    },
    "filter": {
        "aggressive_splitting": {
            "type": "word_delimiter_graph",
            "stem_english_possessive": false,
            "preserve_original": false
        },
        "asciifolding": {
            "type": "asciifolding",
            "preserve_original": false
        },
        "asciifolding_preserve": {
            "type": "asciifolding",
            "preserve_original": true
        },
        "dedup_asciifolding": {
            "type": "unique",
            "only_on_same_position": true
        },
        "lowercase": {
            "type": "lowercase"
        },
        "prefix_ngram_filter": {
            "type": "edgeNGram",
            "max_gram": 255
        },
        "remove_empty": {
            "type": "length",
            "min": 1
        },
        "smartcn_stop": {
            "type": "stop",
            "stopwords": [
                ","
            ]
        },
        "suggest_shingle": {
            "type": "shingle",
            "min_shingle_size": 2,
            "max_shingle_size": 3,
            "output_unigrams": true
        },
        "truncate_keyword": {
            "type": "truncate",
            "length": 5000
        }
    },
    "tokenizer": {
        "no_splitting": {
            "type": "keyword"
        },
        "prefix": {
            "type": "edgeNGram",
            "max_gram": 255
        },
        "trigram": {
            "type": "nGram",
            "min_gram": 3,
            "max_gram": 3
        }
    }
}