{
    "analyzer": {
        "el_plain": {
            "char_filter": [
                "nnbsp_norm",
                "word_break_helper"
            ],
            "filter": [
                "lowercase",
                "icu_normalizer",
                "preserve_original_recorder",
                "icu_folding",
                "preserve_original",
                "remove_empty"
            ],
            "tokenizer": "standard",
            "type": "custom"
        },
        "el_plain_search": {
            "char_filter": [
                "nnbsp_norm",
                "word_break_helper"
            ],
            "filter": [
                "lowercase",
                "icu_normalizer"
            ],
            "tokenizer": "standard",
            "type": "custom"
        },
        "el_text": {
            "char_filter": [
                "nnbsp_norm",
                "apostrophe_norm",
                "split_camelCase",
                "acronym_fixer",
                "word_break_helper"
            ],
            "filter": [
                "lowercase",
                "icu_normalizer",
                "greek_stop",
                "greek_stemmer",
                "remove_empty"
            ],
            "tokenizer": "standard",
            "type": "custom"
        },
        "el_text_search": {
            "char_filter": [
                "nnbsp_norm",
                "apostrophe_norm",
                "split_camelCase",
                "acronym_fixer",
                "word_break_helper"
            ],
            "filter": [
                "lowercase",
                "icu_normalizer",
                "greek_stop",
                "greek_stemmer",
                "remove_empty"
            ],
            "tokenizer": "standard",
            "type": "custom"
        },
        "ga_plain": {
            "char_filter": [
                "nnbsp_norm",
                "word_break_helper"
            ],
            "filter": [
                "ga_lowercase",
                "icu_normalizer",
                "preserve_original_recorder",
                "icu_folding",
                "preserve_original",
                "remove_empty"
            ],
            "tokenizer": "standard",
            "type": "custom"
        },
        "ga_plain_search": {
            "char_filter": [
                "nnbsp_norm",
                "word_break_helper"
            ],
            "filter": [
                "ga_lowercase",
                "icu_normalizer"
            ],
            "tokenizer": "standard",
            "type": "custom"
        },
        "ga_text": {
            "char_filter": [
                "nnbsp_norm",
                "apostrophe_norm",
                "split_camelCase",
                "acronym_fixer",
                "word_break_helper",
                "irish_charfilter"
            ],
            "filter": [
                "irish_hyphenation",
                "irish_elision",
                "ga_lowercase",
                "icu_normalizer",
                "irish_stop",
                "irish_stemmer",
                "icu_folding",
                "remove_empty"
            ],
            "tokenizer": "standard",
            "type": "custom"
        },
        "ga_text_search": {
            "char_filter": [
                "nnbsp_norm",
                "apostrophe_norm",
                "split_camelCase",
                "acronym_fixer",
                "word_break_helper",
                "irish_charfilter"
            ],
            "filter": [
                "irish_hyphenation",
                "irish_elision",
                "ga_lowercase",
                "icu_normalizer",
                "irish_stop",
                "irish_stemmer",
                "icu_folding",
                "remove_empty"
            ],
            "tokenizer": "standard",
            "type": "custom"
        },
        "tr_plain": {
            "char_filter": [
                "nnbsp_norm",
                "word_break_helper"
            ],
            "filter": [
                "tr_lowercase",
                "icu_normalizer",
                "preserve_original_recorder",
                "tr_icu_folding",
                "preserve_original",
                "remove_empty"
            ],
            "tokenizer": "standard",
            "type": "custom"
        },
        "tr_plain_search": {
            "char_filter": [
                "nnbsp_norm",
                "word_break_helper"
            ],
            "filter": [
                "tr_lowercase",
                "icu_normalizer"
            ],
            "tokenizer": "standard",
            "type": "custom"
        },
        "tr_text": {
            "char_filter": [
                "nnbsp_norm",
                "apostrophe_norm",
                "split_camelCase",
                "acronym_fixer",
                "word_break_helper"
            ],
            "filter": [
                "tr_lowercase",
                "icu_normalizer",
                "apostrophe",
                "turkish_stop",
                "turkish_stemmer",
                "tr_icu_folding",
                "remove_empty"
            ],
            "tokenizer": "standard",
            "type": "custom"
        },
        "tr_text_search": {
            "char_filter": [
                "nnbsp_norm",
                "apostrophe_norm",
                "split_camelCase",
                "acronym_fixer",
                "word_break_helper"
            ],
            "filter": [
                "tr_lowercase",
                "icu_normalizer",
                "apostrophe",
                "turkish_stop",
                "turkish_stemmer",
                "tr_icu_folding",
                "remove_empty"
            ],
            "tokenizer": "standard",
            "type": "custom"
        }
    },
    "char_filter": {
        "acronym_fixer": {
            "pattern": "(?<=(?:^|\\P{L})\\p{L}[\\p{M}\\p{Cf}]{0,9}+)[.\uff0e]\\p{Cf}*+(\\p{L}[\\p{M}\\p{Cf}]*+)(?=\\P{L}|$)",
            "replacement": "$1",
            "type": "pattern_replace"
        },
        "apostrophe_norm": {
            "mappings": [
                "`=>'",
                "\u00b4=>'",
                "\u02b9=>'",
                "\u02bb=>'",
                "\u02bc=>'",
                "\u02bd=>'",
                "\u02be=>'",
                "\u02bf=>'",
                "\u02cb=>'",
                "\u055a=>'",
                "\\u05F3=>'",
                "\u2018=>'",
                "\u2019=>'",
                "\u201b=>'",
                "\u2032=>'",
                "\u2035=>'",
                "\ua78c=>'",
                "\uff07=>'",
                "\uff40=>'"
            ],
            "type": "mapping"
        },
        "irish_charfilter": {
            "mappings": [
                "\u1e03=>bh",
                "\u010b=>ch",
                "\u1e0b=>dh",
                "\u1e1f=>fh",
                "\u0121=>gh",
                "\u1e41=>mh",
                "\u1e57=>ph",
                "\u1e61=>sh",
                "\u1e9b=>sh",
                "\u1e6b=>th",
                "\u1e02=>BH",
                "\u010a=>CH",
                "\u1e0a=>DH",
                "\u1e1e=>FH",
                "\u0120=>GH",
                "\u1e40=>MH",
                "\u1e56=>PH",
                "\u1e60=>SH",
                "\u1e6a=>TH"
            ],
            "type": "mapping"
        },
        "nnbsp_norm": {
            "mappings": [
                "\\u202F=>\\u0020"
            ],
            "type": "mapping"
        },
        "split_camelCase": {
            "pattern": "(?<=\\p{Ll}[\\p{M}\\p{Cf}]{0,9}+)(\\p{Lu})",
            "replacement": " $1",
            "type": "pattern_replace"
        },
        "word_break_helper": {
            "mappings": [
                "_=>\\u0020",
                ":=>\\u0020",
                ".=>\\u0020",
                "(=>\\u0020",
                ")=>\\u0020",
                "\uff0e=>\\u0020",
                "\uff3f=>\\u0020",
                "\uff1a=>\\u0020"
            ],
            "type": "mapping"
        }
    },
    "filter": {
        "ga_lowercase": {
            "language": "irish",
            "type": "lowercase"
        },
        "greek_stemmer": {
            "language": "greek",
            "type": "stemmer"
        },
        "greek_stop": {
            "stopwords": "_greek_",
            "type": "stop"
        },
        "icu_folding": {
            "type": "icu_folding"
        },
        "icu_normalizer": {
            "name": "nfkc_cf",
            "type": "icu_normalizer"
        },
        "irish_elision": {
            "articles": [
                "d",
                "m",
                "b"
            ],
            "articles_case": true,
            "type": "elision"
        },
        "irish_hyphenation": {
            "ignore_case": true,
            "stopwords": [
                "h",
                "n",
                "t",
                "b",
                "bh",
                "g",
                "m"
            ],
            "type": "stop"
        },
        "irish_stemmer": {
            "language": "irish",
            "type": "stemmer"
        },
        "irish_stop": {
            "stopwords": "_irish_",
            "type": "stop"
        },
        "lowercase": {
            "language": "greek",
            "type": "lowercase"
        },
        "remove_empty": {
            "min": 1,
            "type": "length"
        },
        "tr_icu_folding": {
            "type": "icu_folding",
            "unicodeSetFilter": "[^\u00c7\u00e7\u011e\u011fI\u0131\u0130i\u00d6\u00f6\u015e\u015f\u00dc\u00fc]"
        },
        "tr_lowercase": {
            "language": "turkish",
            "type": "lowercase"
        },
        "turkish_stemmer": {
            "language": "turkish",
            "type": "stemmer"
        },
        "turkish_stop": {
            "stopwords": "_turkish_",
            "type": "stop"
        }
    },
    "tokenizer": []
}