{
    "analyzer": {
        "de_plain": {
            "char_filter": [
                "nnbsp_norm",
                "word_break_helper",
                "german_charfilter"
            ],
            "filter": [
                "icutokrep_no_camel_split",
                "de_icu_normalizer",
                "preserve_original_recorder",
                "de_icu_folding",
                "preserve_original",
                "remove_empty"
            ],
            "tokenizer": "textify_icu_tokenizer",
            "type": "custom"
        },
        "de_plain_search": {
            "char_filter": [
                "nnbsp_norm",
                "word_break_helper",
                "german_charfilter"
            ],
            "filter": [
                "icutokrep_no_camel_split",
                "de_icu_normalizer"
            ],
            "tokenizer": "textify_icu_tokenizer",
            "type": "custom"
        },
        "en_plain": {
            "char_filter": [
                "nnbsp_norm",
                "word_break_helper"
            ],
            "filter": [
                "icutokrep_no_camel_split",
                "icu_normalizer",
                "preserve_original_recorder",
                "icu_folding",
                "preserve_original",
                "remove_empty"
            ],
            "tokenizer": "textify_icu_tokenizer",
            "type": "custom"
        },
        "en_plain_search": {
            "char_filter": [
                "nnbsp_norm",
                "word_break_helper"
            ],
            "filter": [
                "icutokrep_no_camel_split",
                "icu_normalizer"
            ],
            "tokenizer": "textify_icu_tokenizer",
            "type": "custom"
        },
        "es_plain": {
            "char_filter": [
                "nnbsp_norm",
                "word_break_helper"
            ],
            "filter": [
                "icutokrep_no_camel_split",
                "icu_normalizer",
                "preserve_original_recorder",
                "es_icu_folding",
                "preserve_original",
                "remove_empty"
            ],
            "tokenizer": "textify_icu_tokenizer",
            "type": "custom"
        },
        "es_plain_search": {
            "char_filter": [
                "nnbsp_norm",
                "word_break_helper"
            ],
            "filter": [
                "icutokrep_no_camel_split",
                "icu_normalizer"
            ],
            "tokenizer": "textify_icu_tokenizer",
            "type": "custom"
        },
        "ko_plain": {
            "char_filter": [
                "nnbsp_norm",
                "word_break_helper"
            ],
            "filter": [
                "icutokrep_no_camel_split",
                "icu_normalizer"
            ],
            "tokenizer": "textify_icu_tokenizer",
            "type": "custom"
        },
        "ko_plain_search": {
            "char_filter": [
                "nnbsp_norm",
                "word_break_helper"
            ],
            "filter": [
                "icutokrep_no_camel_split",
                "icu_normalizer"
            ],
            "tokenizer": "textify_icu_tokenizer",
            "type": "custom"
        },
        "ru_plain": {
            "char_filter": [
                "nnbsp_norm",
                "word_break_helper",
                "russian_charfilter"
            ],
            "filter": [
                "icutokrep_no_camel_split",
                "icu_normalizer",
                "preserve_original_recorder",
                "ru_icu_folding",
                "preserve_original",
                "remove_empty"
            ],
            "tokenizer": "textify_icu_tokenizer",
            "type": "custom"
        },
        "ru_plain_search": {
            "char_filter": [
                "nnbsp_norm",
                "word_break_helper",
                "russian_charfilter"
            ],
            "filter": [
                "icutokrep_no_camel_split",
                "icu_normalizer"
            ],
            "tokenizer": "textify_icu_tokenizer",
            "type": "custom"
        },
        "zh_plain": {
            "char_filter": [
                "nnbsp_norm",
                "word_break_helper"
            ],
            "filter": [
                "icutokrep_no_camel_split",
                "smartcn_stop",
                "icu_normalizer"
            ],
            "tokenizer": "textify_icu_tokenizer",
            "type": "custom"
        },
        "zh_plain_search": {
            "char_filter": [
                "nnbsp_norm",
                "word_break_helper"
            ],
            "filter": [
                "icutokrep_no_camel_split",
                "smartcn_stop",
                "icu_normalizer"
            ],
            "tokenizer": "textify_icu_tokenizer",
            "type": "custom"
        }
    },
    "char_filter": {
        "german_charfilter": {
            "mappings": [
                "\u1e9e=>\u00df"
            ],
            "type": "mapping"
        },
        "nnbsp_norm": {
            "mappings": [
                "\\u202F=>\\u0020"
            ],
            "type": "limited_mapping"
        },
        "russian_charfilter": {
            "mappings": [
                "\\u0301=>",
                "\\u0435\\u0308=>\\u0435",
                "\\u0415\\u0308=>\\u0415",
                "\\u0451=>\\u0435",
                "\\u0401=>\\u0415"
            ],
            "type": "mapping"
        },
        "word_break_helper": {
            "mappings": [
                "_=>\\u0020",
                ":=>\\u0020",
                ".=>\\u0020",
                "(=>\\u0020",
                ")=>\\u0020",
                "\uff0e=>\\u0020",
                "\uff3f=>\\u0020",
                "\uff1a=>\\u0020",
                "\u00b7=>\\u0020"
            ],
            "type": "limited_mapping"
        }
    },
    "filter": {
        "de_icu_folding": {
            "type": "icu_folding",
            "unicodeSetFilter": "[^\u00c4\u00e4\u00d6\u00f6\u00dc\u00fc\u1e9e\u00df]"
        },
        "de_icu_normalizer": {
            "name": "nfkc_cf",
            "type": "icu_normalizer",
            "unicodeSetFilter": "[^\u1e9e\u00df]"
        },
        "es_icu_folding": {
            "type": "icu_folding",
            "unicodeSetFilter": "[^\u00d1\u00f1]"
        },
        "icu_folding": {
            "type": "icu_folding"
        },
        "icu_normalizer": {
            "name": "nfkc_cf",
            "type": "icu_normalizer"
        },
        "icutokrep_no_camel_split": {
            "keep_camel_split": false,
            "type": "icu_token_repair"
        },
        "remove_empty": {
            "min": 1,
            "type": "length"
        },
        "ru_icu_folding": {
            "type": "icu_folding",
            "unicodeSetFilter": "[^\u0419\u0439]"
        },
        "smartcn_stop": {
            "stopwords": [
                ","
            ],
            "type": "stop"
        }
    },
    "tokenizer": []
}